Microchip MPLAB XC8 Compiler V1.38 ()

Linker command line:

-W-3 --edf=C:\Program Files (x86)\Microchip\xc8\v1.38\dat\en_msgs.txt -cs \
  -h+dist/default/production\LCD_SPI.X.production.sym \
  --cmf=dist/default/production\LCD_SPI.X.production.cmf -z -Q18F67J94 \
  -oC:\Users\dufd2703\AppData\Local\Temp\s7jk.2 \
  -Mdist/default/production/LCD_SPI.X.production.map -E1 -ver=XC8 \
  -ASTACK=060h-0df9h -pstack=STACK -ACODE=00h-01FFEFh -ACONST=00h-01FFEFh \
  -ASMALLCONST=0E00h-0EFFhx497,01FF00h-01FFEFh \
  -AMEDIUMCONST=0E00h-0FFFFh,010E00h-01FFEFh -ACOMRAM=01h-05Fh \
  -AABS1=00h-0DF9h -ABIGRAM=01h-0DF9h \
  -ARAM=060h-0FFh,0100h-01FFhx12,0D00h-0DF9h -ABANK0=060h-0FFh \
  -ABANK1=0100h-01FFh -ABANK2=0200h-02FFh -ABANK3=0300h-03FFh \
  -ABANK4=0400h-04FFh -ABANK5=0500h-05FFh -ABANK6=0600h-06FFh \
  -ABANK7=0700h-07FFh -ABANK8=0800h-08FFh -ABANK9=0900h-09FFh \
  -ABANK10=0A00h-0AFFh -ABANK11=0B00h-0BFFh -ABANK12=0C00h-0CFFh \
  -ABANK13=0D00h-0DF9h \
  -ASFR=0DFAh-0DFFh,0E00h-0EFFh,0F00h-0F5Fh,0F60h-0FFFh \
  -preset_vec=00h,intcode,intcodelo,powerup,init,end_init -pramtop=0E00h \
  -psmallconst=SMALLCONST -pmediumconst=MEDIUMCONST -pconst=CONST \
  -AFARRAM=00h-00h -ACONFIG=01FFF0h-01FFFFh -pconfig=CONFIG \
  -pjflash_buffer=01FBF8h \
  -prdata=COMRAM,nvrram=COMRAM,nvbit=COMRAM,rbss=COMRAM,rbit=COMRAM \
  -pfarbss=FARRAM,fardata=FARRAM,nvFARRAM=FARRAM \
  -pintsave_regs=BIGRAM,bigbss=BIGRAM,bigdata=BIGRAM -pbss=RAM \
  -pidata=CODE,irdata=CODE,ibigdata=CODE,ifardata=CODE -prparam=COMRAM \
  C:\Users\dufd2703\AppData\Local\Temp\s7jk.obj \
  dist/default/production\LCD_SPI.X.production.obj 

Object code version is 3.11

Machine type is 18F67J94

Call graph: (short form)




                Name                               Link     Load   Length Selector   Space Scale
C:\Users\dufd2703\AppData\Local\Temp\s7jk.obj
                end_init                              0        0        4        0       0
                config                            1FFF0    1FFF0       10    1FFF0       0
dist/default/production\LCD_SPI.X.production.obj
                smallconst                          E00      E00        E      700       0
                text5                               F40      F40       3E      707       0
                text4                               F98      F98       12      707       0
                text3                               F7E      F7E       1A      707       0
                text2                               E82      E82       74      707       0
                text1                               EF6      EF6       4A      707       0
                text0                               E0E      E0E       74      707       0
                cstackCOMRAM                          1        1        D        1       1
                cinit                               FAA      FAA        E      707       0

TOTAL           Name                               Link     Load   Length     Space
        CLASS   STACK          

        CLASS   CODE           
                end_init                              0        0        4         0
                text5                               F40      F40       3E         0
                text4                               F98      F98       12         0
                text3                               F7E      F7E       1A         0
                text2                               E82      E82       74         0
                text1                               EF6      EF6       4A         0
                text0                               E0E      E0E       74         0
                cinit                               FAA      FAA        E         0

        CLASS   CONST          

        CLASS   SMALLCONST     
                smallconst                          E00      E00        E         0

        CLASS   MEDIUMCONST    

        CLASS   COMRAM         
                cstackCOMRAM                          1        1        D         1

        CLASS   ABS1           

        CLASS   BIGRAM         

        CLASS   RAM            

        CLASS   BANK0          

        CLASS   BANK1          

        CLASS   BANK2          

        CLASS   BANK3          

        CLASS   BANK4          

        CLASS   BANK5          

        CLASS   BANK6          

        CLASS   BANK7          

        CLASS   BANK8          

        CLASS   BANK9          

        CLASS   BANK10         

        CLASS   BANK11         

        CLASS   BANK12         

        CLASS   BANK13         

        CLASS   SFR            

        CLASS   FARRAM         

        CLASS   CONFIG         
                config                            1FFF0    1FFF0       10         0

        CLASS   IDLOC          



SEGMENTS        Name                           Load    Length   Top    Selector   Space  Class

                reset_vec                      000000  000004  000004         0       0  CODE    
                cstackCOMRAM                   000001  00000D  00000E         1       1  COMRAM  
                smallconst                     000E00  00000E  000E0E       700       0  SMALLCON
                text0                          000E0E  0001AA  000FB8       707       0  CODE    
                config                         01FFF0  000010  020000     1FFF0       0  CONFIG  


UNUSED ADDRESS RANGES

        Name                Unused          Largest block    Delta
        BANK0            00060-000FF              A0
        BANK1            00100-001FF             100
        BANK10           00A00-00AFF             100
        BANK11           00B00-00BFF             100
        BANK12           00C00-00CFF             100
        BANK13           00D00-00DF9              FA
        BANK2            00200-002FF             100
        BANK3            00300-003FF             100
        BANK4            00400-004FF             100
        BANK5            00500-005FF             100
        BANK6            00600-006FF             100
        BANK7            00700-007FF             100
        BANK8            00800-008FF             100
        BANK9            00900-009FF             100
        BIGRAM           0000E-00DF9             DEC
        CODE             00004-00DFF             DFC
                         00FB8-1FFEF           1F038
        COMRAM           0000E-0005F              52
        CONST            00004-00DFF             DFC
                         00FB8-1FFEF           1F038
        MEDIUMCONST      00FB8-0FFFF            F048
                         10E00-1FFEF            F1F0
        RAM              00060-00DF9             100
        SFR              00DFA-00FFF             100
        SMALLCONST       00FB8-1FFEF             100
        STACK            00060-00DF9             D9A

                                  Symbol Table

_LATDbits                    (abs)         00F8C
_OSCCON                      (abs)         00FD3
_RPINR12_13                  (abs)         00E30
_RPOR22_23                   (abs)         00E1D
_RPOR24_25                   (abs)         00E1E
_SSP2BUF                     (abs)         00F03
_SSP2CON1                    (abs)         00F19
_SSP2CON3                    (abs)         00F39
_SSP2STAT                    (abs)         00F1A
_SSP2STATbits                (abs)         00F1A
_TRISCbits                   (abs)         00F94
_TRISDbits                   (abs)         00F95
__CFG_BORV$1                 (abs)         00000
__CFG_FOSC$FRC               (abs)         00000
__CFG_IESO$OFF               (abs)         00000
__CFG_STVREN$ON              (abs)         00000
__CFG_WDTPS$32768            (abs)         00000
__CFG_XINST$OFF              (abs)         00000
__HRAM                       (abs)         00000
__Habs1                      abs1          00000
__Hbank0                     bank0         00000
__Hbank1                     bank1         00000
__Hbank10                    bank10        00000
__Hbank11                    bank11        00000
__Hbank12                    bank12        00000
__Hbank13                    bank13        00000
__Hbank2                     bank2         00000
__Hbank3                     bank3         00000
__Hbank4                     bank4         00000
__Hbank5                     bank5         00000
__Hbank6                     bank6         00000
__Hbank7                     bank7         00000
__Hbank8                     bank8         00000
__Hbank9                     bank9         00000
__Hbigbss                    bigbss        00000
__Hbigdata                   bigdata       00000
__Hbigram                    bigram        00000
__Hbss                       bss           00000
__Hcinit                     cinit         00000
__Hclrtext                   clrtext       00000
__Hcomram                    comram        00000
__Hconfig                    config        20000
__Hconst                     const         00000
__HcstackCOMRAM              cstackCOMRAM  00000
__Hdata                      data          00000
__Hend_init                  end_init      00004
__Hfarbss                    farbss        00000
__Hfardata                   fardata       00000
__Hibigdata                  ibigdata      00000
__Hidata                     idata         00000
__Hidloc                     idloc         00000
__Hifardata                  ifardata      00000
__Hinit                      init          00000
__Hintcode                   intcode       00000
__Hintcode_body              intcode_body  00000
__Hintcodelo                 intcodelo     00000
__Hintentry                  intentry      00000
__Hintret                    intret        00000
__Hintsave_regs              intsave_regs  00000
__Hirdata                    irdata        00000
__Hjflash_buffer             jflash_buffer 1FBF8
__Hmediumconst               mediumconst   00000
__HnvFARRAM                  nvFARRAM      00000
__Hnvbit                     nvbit         00000
__Hnvrram                    nvrram        00000
__Hparam                     rparam        00000
__Hpowerup                   powerup       00000
__Hram                       ram           00000
__Hramtop                    ramtop        00E00
__Hrbit                      rbit          00000
__Hrbss                      rbss          00000
__Hrdata                     rdata         00000
__Hreset_vec                 reset_vec     00000
__Hrparam                    rparam        00000
__Hsfr                       sfr           00000
__Hsmallconst                smallconst    00E0E
__Hspace_0                   (abs)         20000
__Hspace_1                   (abs)         0000E
__Hspace_2                   (abs)         00000
__Hstack                     stack         00000
__Hstruct                    struct        00000
__Htemp                      temp          00000
__Htext                      text          00000
__Htext0                     text0         00000
__Htext1                     text1         00000
__Htext2                     text2         00000
__Htext3                     text3         00000
__Htext4                     text4         00000
__Htext5                     text5         00000
__LRAM                       (abs)         00001
__Labs1                      abs1          00000
__Lbank0                     bank0         00000
__Lbank1                     bank1         00000
__Lbank10                    bank10        00000
__Lbank11                    bank11        00000
__Lbank12                    bank12        00000
__Lbank13                    bank13        00000
__Lbank2                     bank2         00000
__Lbank3                     bank3         00000
__Lbank4                     bank4         00000
__Lbank5                     bank5         00000
__Lbank6                     bank6         00000
__Lbank7                     bank7         00000
__Lbank8                     bank8         00000
__Lbank9                     bank9         00000
__Lbigbss                    bigbss        00000
__Lbigdata                   bigdata       00000
__Lbigram                    bigram        00000
__Lbss                       bss           00000
__Lcinit                     cinit         00000
__Lclrtext                   clrtext       00000
__Lcomram                    comram        00000
__Lconfig                    config        1FFF0
__Lconst                     const         00000
__LcstackCOMRAM              cstackCOMRAM  00000
__Ldata                      data          00000
__Lend_init                  end_init      00000
__Lfarbss                    farbss        00000
__Lfardata                   fardata       00000
__Libigdata                  ibigdata      00000
__Lidata                     idata         00000
__Lidloc                     idloc         00000
__Lifardata                  ifardata      00000
__Linit                      init          00000
__Lintcode                   intcode       00000
__Lintcode_body              intcode_body  00000
__Lintcodelo                 intcodelo     00000
__Lintentry                  intentry      00000
__Lintret                    intret        00000
__Lintsave_regs              intsave_regs  00000
__Lirdata                    irdata        00000
__Ljflash_buffer             jflash_buffer 1FBF8
__Lmediumconst               mediumconst   00000
__LnvFARRAM                  nvFARRAM      00000
__Lnvbit                     nvbit         00000
__Lnvrram                    nvrram        00000
__Lparam                     rparam        00000
__Lpowerup                   powerup       00000
__Lram                       ram           00000
__Lramtop                    ramtop        00E00
__Lrbit                      rbit          00000
__Lrbss                      rbss          00000
__Lrdata                     rdata         00000
__Lreset_vec                 reset_vec     00000
__Lrparam                    rparam        00000
__Lsfr                       sfr           00000
__Lsmallconst                smallconst    00E00
__Lspace_0                   (abs)         00000
__Lspace_1                   (abs)         00000
__Lspace_2                   (abs)         00000
__Lstack                     stack         00000
__Lstruct                    struct        00000
__Ltemp                      temp          00000
__Ltext                      text          00000
__Ltext0                     text0         00000
__Ltext1                     text1         00000
__Ltext2                     text2         00000
__Ltext3                     text3         00000
__Ltext4                     text4         00000
__Ltext5                     text5         00000
__S0                         (abs)         20000
__S1                         (abs)         0000E
__S2                         (abs)         00000
___inthi_sp                  stack         00000
___intlo_sp                  stack         00000
___param_bank                (abs)         00010
___rparam_used               (abs)         00001
___sp                        stack         00000
__accesstop                  (abs)         00060
__activetblptr               (abs)         00001
__end_of__initialization     cinit         00FAA
__end_of_initialisation_SPI  text5         00F7E
__end_of_main                text0         00E82
__end_of_putStringLCD        text1         00F40
__end_of_putchLCD            text2         00EF6
__end_of_readBusyFlag        text3         00F98
__end_of_spi_Send_Read       text4         00FAA
__initialization             cinit         00FAA
__mediumconst                mediumconst   00000
__pcinit                     cinit         00FAA
__pcstackCOMRAM              cstackCOMRAM  00001
__psmallconst                smallconst    00E00
__ptext0                     text0         00E0E
__ptext1                     text1         00EF6
__ptext2                     text2         00E82
__ptext3                     text3         00F7E
__ptext4                     text4         00F98
__ptext5                     text5         00F40
__ramtop                     ramtop        00E00
__size_of_initialisation_SPI (abs)         00000
__size_of_main               (abs)         00000
__size_of_putStringLCD       (abs)         00000
__size_of_putchLCD           (abs)         00000
__size_of_readBusyFlag       (abs)         00000
__size_of_spi_Send_Read      (abs)         00000
__smallconst                 smallconst    00E00
_initialisation_SPI          text5         00F40
_main                        text0         00E0E
_putStringLCD                text1         00EF6
_putchLCD                    text2         00E82
_readBusyFlag                text3         00F7E
_spi_Send_Read               text4         00F98
end_of_initialization        cinit         00FAA
intlevel0                    text          00000
intlevel1                    text          00000
intlevel2                    text          00000
intlevel3                    text          00000
main@status                  cstackCOMRAM  0000D
putStringLCD@i               cstackCOMRAM  0000A
putStringLCD@input           cstackCOMRAM  00006
putchLCD@input               cstackCOMRAM  00005
readBusyFlag@retValue        cstackCOMRAM  00002
spi_Send_Read@byte           cstackCOMRAM  00001
stackhi                      (abs)         00DF9
stacklo                      (abs)         00060
start                        init          00000
start_initialization         cinit         00FAA


FUNCTION INFORMATION:

 *************** function _main *****************
 Defined at:
		line 22 in file "main.c"
 Parameters:    Size  Location     Type
		None
 Auto vars:     Size  Location     Type
  data            5    0        unsigned char [5]
  i               2    0        int 
  status          1   12[COMRAM] unsigned char 
 Return value:  Size  Location     Type
                  1    wreg      void 
 Registers used:
		wreg, status,2, status,0, tblptrl, tblptrh, tblptru, cstack
 Tracked objects:
		On entry : 
		On exit  : 
		Unchanged: 
 Data sizes:     COMRAM   BANK0   BANK1   BANK2   BANK3   BANK4   BANK5   BANK6   BANK7   BANK8   BANK9  BANK10  BANK11  BANK12  BANK13
      Params:         0       0       0       0       0       0       0       0       0       0       0       0       0       0       0
      Locals:         1       0       0       0       0       0       0       0       0       0       0       0       0       0       0
      Temps:          1       0       0       0       0       0       0       0       0       0       0       0       0       0       0
      Totals:         2       0       0       0       0       0       0       0       0       0       0       0       0       0       0
Total ram usage:        2 bytes
 Hardware stack levels required when called:    4
 This function calls:
		_initialisation_SPI
		_putStringLCD
		_readBusyFlag
		_spi_Send_Read
 This function is called by:
		Startup code after reset
 This function uses a non-reentrant model


 *************** function _putStringLCD *****************
 Defined at:
		line 76 in file "main.c"
 Parameters:    Size  Location     Type
  input           2    5[COMRAM] PTR unsigned char 
		 -> STR_1(12), 
 Auto vars:     Size  Location     Type
  i               2    9[COMRAM] int 
 Return value:  Size  Location     Type
                  1    wreg      void 
 Registers used:
		wreg, status,2, status,0, tblptrl, tblptrh, tblptru, cstack
 Tracked objects:
		On entry : 
		On exit  : 
		Unchanged: 
 Data sizes:     COMRAM   BANK0   BANK1   BANK2   BANK3   BANK4   BANK5   BANK6   BANK7   BANK8   BANK9  BANK10  BANK11  BANK12  BANK13
      Params:         2       0       0       0       0       0       0       0       0       0       0       0       0       0       0
      Locals:         2       0       0       0       0       0       0       0       0       0       0       0       0       0       0
      Temps:          2       0       0       0       0       0       0       0       0       0       0       0       0       0       0
      Totals:         6       0       0       0       0       0       0       0       0       0       0       0       0       0       0
Total ram usage:        6 bytes
 Hardware stack levels used:    1
 Hardware stack levels required when called:    3
 This function calls:
		_putchLCD
 This function is called by:
		_main
 This function uses a non-reentrant model


 *************** function _putchLCD *****************
 Defined at:
		line 85 in file "main.c"
 Parameters:    Size  Location     Type
  input           1    wreg     unsigned char 
 Auto vars:     Size  Location     Type
  input           1    4[COMRAM] unsigned char 
 Return value:  Size  Location     Type
                  1    wreg      void 
 Registers used:
		wreg, status,2, status,0, cstack
 Tracked objects:
		On entry : 
		On exit  : 
		Unchanged: 
 Data sizes:     COMRAM   BANK0   BANK1   BANK2   BANK3   BANK4   BANK5   BANK6   BANK7   BANK8   BANK9  BANK10  BANK11  BANK12  BANK13
      Params:         0       0       0       0       0       0       0       0       0       0       0       0       0       0       0
      Locals:         1       0       0       0       0       0       0       0       0       0       0       0       0       0       0
      Temps:          2       0       0       0       0       0       0       0       0       0       0       0       0       0       0
      Totals:         3       0       0       0       0       0       0       0       0       0       0       0       0       0       0
Total ram usage:        3 bytes
 Hardware stack levels used:    1
 Hardware stack levels required when called:    2
 This function calls:
		_readBusyFlag
		_spi_Send_Read
 This function is called by:
		_putStringLCD
 This function uses a non-reentrant model


 *************** function _readBusyFlag *****************
 Defined at:
		line 100 in file "main.c"
 Parameters:    Size  Location     Type
		None
 Auto vars:     Size  Location     Type
  retValue        1    1[COMRAM] unsigned char 
 Return value:  Size  Location     Type
                  1    wreg      unsigned char 
 Registers used:
		wreg, status,2, status,0, cstack
 Tracked objects:
		On entry : 
		On exit  : 
		Unchanged: 
 Data sizes:     COMRAM   BANK0   BANK1   BANK2   BANK3   BANK4   BANK5   BANK6   BANK7   BANK8   BANK9  BANK10  BANK11  BANK12  BANK13
      Params:         0       0       0       0       0       0       0       0       0       0       0       0       0       0       0
      Locals:         1       0       0       0       0       0       0       0       0       0       0       0       0       0       0
      Temps:          0       0       0       0       0       0       0       0       0       0       0       0       0       0       0
      Totals:         1       0       0       0       0       0       0       0       0       0       0       0       0       0       0
Total ram usage:        1 bytes
 Hardware stack levels used:    1
 Hardware stack levels required when called:    1
 This function calls:
		_spi_Send_Read
 This function is called by:
		_main
		_putchLCD
 This function uses a non-reentrant model


 *************** function _spi_Send_Read *****************
 Defined at:
		line 69 in file "main.c"
 Parameters:    Size  Location     Type
  byte            1    wreg     unsigned char 
 Auto vars:     Size  Location     Type
  byte            1    0[COMRAM] unsigned char 
 Return value:  Size  Location     Type
                  1    wreg      unsigned char 
 Registers used:
		wreg, status,2
 Tracked objects:
		On entry : 
		On exit  : 
		Unchanged: 
 Data sizes:     COMRAM   BANK0   BANK1   BANK2   BANK3   BANK4   BANK5   BANK6   BANK7   BANK8   BANK9  BANK10  BANK11  BANK12  BANK13
      Params:         0       0       0       0       0       0       0       0       0       0       0       0       0       0       0
      Locals:         1       0       0       0       0       0       0       0       0       0       0       0       0       0       0
      Temps:          0       0       0       0       0       0       0       0       0       0       0       0       0       0       0
      Totals:         1       0       0       0       0       0       0       0       0       0       0       0       0       0       0
Total ram usage:        1 bytes
 Hardware stack levels used:    1
 This function calls:
		Nothing
 This function is called by:
		_main
		_putchLCD
		_readBusyFlag
 This function uses a non-reentrant model


 *************** function _initialisation_SPI *****************
 Defined at:
		line 119 in file "main.c"
 Parameters:    Size  Location     Type
		None
 Auto vars:     Size  Location     Type
		None
 Return value:  Size  Location     Type
                  1    wreg      void 
 Registers used:
		wreg, status,2, status,0
 Tracked objects:
		On entry : 
		On exit  : 
		Unchanged: 
 Data sizes:     COMRAM   BANK0   BANK1   BANK2   BANK3   BANK4   BANK5   BANK6   BANK7   BANK8   BANK9  BANK10  BANK11  BANK12  BANK13
      Params:         0       0       0       0       0       0       0       0       0       0       0       0       0       0       0
      Locals:         0       0       0       0       0       0       0       0       0       0       0       0       0       0       0
      Temps:          0       0       0       0       0       0       0       0       0       0       0       0       0       0       0
      Totals:         0       0       0       0       0       0       0       0       0       0       0       0       0       0       0
Total ram usage:        0 bytes
 Hardware stack levels used:    1
 This function calls:
		Nothing
 This function is called by:
		_main
 This function uses a non-reentrant model



MODULE INFORMATION

Module		Function		Class		Link	Load	Size
shared
		__initialization		CODE           	0FAA	0000	1

shared estimated size: 1

main.c
		_readBusyFlag  		CODE           	0F7E	0000	27
		_initialisation_SPI		CODE           	0F40	0000	63
		_spi_Send_Read 		CODE           	0F98	0000	19
		_main          		CODE           	0E0E	0000	117
		_putStringLCD  		CODE           	0EF6	0000	75
		_putchLCD      		CODE           	0E82	0000	117

main.c estimated size: 418

