Microchip MPLAB XC8 Compiler V1.38 ()

Linker command line:

-W-3 --edf=C:\Program Files (x86)\Microchip\xc8\v1.38\dat\en_msgs.txt -cs \
  -h+dist/default/production\LCD.X.production.sym \
  --cmf=dist/default/production\LCD.X.production.cmf -z -Q18F67J94 \
  -oC:\Users\belo1601\AppData\Local\Temp\s4s0.2 \
  -Mdist/default/production/LCD.X.production.map -E1 -ver=XC8 \
  -ASTACK=060h-0df9h -pstack=STACK -ACODE=00h-01FFEFh -ACONST=00h-01FFEFh \
  -ASMALLCONST=0E00h-0EFFhx497,01FF00h-01FFEFh \
  -AMEDIUMCONST=0E00h-0FFFFh,010E00h-01FFEFh -ACOMRAM=01h-05Fh \
  -AABS1=00h-0DF9h -ABIGRAM=01h-0DF9h \
  -ARAM=060h-0FFh,0100h-01FFhx12,0D00h-0DF9h -ABANK0=060h-0FFh \
  -ABANK1=0100h-01FFh -ABANK2=0200h-02FFh -ABANK3=0300h-03FFh \
  -ABANK4=0400h-04FFh -ABANK5=0500h-05FFh -ABANK6=0600h-06FFh \
  -ABANK7=0700h-07FFh -ABANK8=0800h-08FFh -ABANK9=0900h-09FFh \
  -ABANK10=0A00h-0AFFh -ABANK11=0B00h-0BFFh -ABANK12=0C00h-0CFFh \
  -ABANK13=0D00h-0DF9h \
  -ASFR=0DFAh-0DFFh,0E00h-0EFFh,0F00h-0F5Fh,0F60h-0FFFh \
  -preset_vec=00h,intcode,intcodelo=018h,powerup,init,end_init \
  -pramtop=0E00h -psmallconst=SMALLCONST -pmediumconst=MEDIUMCONST \
  -pconst=CONST -AFARRAM=00h-00h -ACONFIG=01FFF0h-01FFFFh -pconfig=CONFIG \
  -pjflash_buffer=01FBF8h \
  -prdata=COMRAM,nvrram=COMRAM,nvbit=COMRAM,rbss=COMRAM,rbit=COMRAM \
  -pfarbss=FARRAM,fardata=FARRAM,nvFARRAM=FARRAM \
  -pintsave_regs=BIGRAM,bigbss=BIGRAM,bigdata=BIGRAM -pbss=RAM \
  -pidata=CODE,irdata=CODE,ibigdata=CODE,ifardata=CODE -prparam=COMRAM \
  C:\Users\belo1601\AppData\Local\Temp\s4s0.obj \
  dist/default/production\LCD.X.production.obj 

Object code version is 3.11

Machine type is 18F67J94

Call graph: (short form)




                Name                               Link     Load   Length Selector   Space Scale
C:\Users\belo1601\AppData\Local\Temp\s4s0.obj
                end_init                             B4       B4        4        C       0
                reset_vec                             0        0        4        0       0
                config                            1FFF0    1FFF0       10    1FFF0       0
dist/default/production\LCD.X.production.obj
                intcodelo                            18       18       9C        C       0
                temp                                 24       24        1        1       1
                text11                              210      210        E        C       0
                text9                               234      234        4        C       0
                text8                                B8       B8       B8        C       0
                text7                               202      202        E        C       0
                text6                               22A      22A        6        C       0
                text5                               1F4      1F4        E        C       0
                text4                               230      230        4        C       0
                text3                               1C4      1C4       1A        C       0
                text2                               21E      21E        C        C       0
                text1                               1A2      1A2       22        C       0
                text0                               170      170       32        C       0
                cstackCOMRAM                          1        1       17        1       1
                bssCOMRAM                            18       18        9        1       1
                cinit                               1DE      1DE       16        C       0
                nvCOMRAM                             21       21        3        1       1

TOTAL           Name                               Link     Load   Length     Space
        CLASS   STACK          

        CLASS   CODE           
                end_init                             B4       B4        4         0
                intcodelo                            18       18       9C         0
                reset_vec                             0        0        4         0
                text11                              210      210        E         0
                text9                               234      234        4         0
                text8                                B8       B8       B8         0
                text7                               202      202        E         0
                text6                               22A      22A        6         0
                text5                               1F4      1F4        E         0
                text4                               230      230        4         0
                text3                               1C4      1C4       1A         0
                text2                               21E      21E        C         0
                text1                               1A2      1A2       22         0
                text0                               170      170       32         0
                cinit                               1DE      1DE       16         0

        CLASS   CONST          

        CLASS   SMALLCONST     

        CLASS   MEDIUMCONST    

        CLASS   COMRAM         
                temp                                 24       24        1         1
                cstackCOMRAM                          1        1       17         1
                bssCOMRAM                            18       18        9         1
                nvCOMRAM                             21       21        3         1

        CLASS   ABS1           

        CLASS   BIGRAM         

        CLASS   RAM            

        CLASS   BANK0          

        CLASS   BANK1          

        CLASS   BANK2          

        CLASS   BANK3          

        CLASS   BANK4          

        CLASS   BANK5          

        CLASS   BANK6          

        CLASS   BANK7          

        CLASS   BANK8          

        CLASS   BANK9          

        CLASS   BANK10         

        CLASS   BANK11         

        CLASS   BANK12         

        CLASS   BANK13         

        CLASS   SFR            

        CLASS   FARRAM         

        CLASS   CONFIG         
                config                            1FFF0    1FFF0       10         0

        CLASS   IDLOC          



SEGMENTS        Name                           Load    Length   Top    Selector   Space  Class

                reset_vec                      000000  000004  000004         0       0  CODE    
                cstackCOMRAM                   000001  000024  000025         1       1  COMRAM  
                intcodelo                      000018  000220  000238         C       0  CODE    
                config                         01FFF0  000010  020000     1FFF0       0  CONFIG  


UNUSED ADDRESS RANGES

        Name                Unused          Largest block    Delta
        BANK0            00060-000FF              A0
        BANK1            00100-001FF             100
        BANK10           00A00-00AFF             100
        BANK11           00B00-00BFF             100
        BANK12           00C00-00CFF             100
        BANK13           00D00-00DF9              FA
        BANK2            00200-002FF             100
        BANK3            00300-003FF             100
        BANK4            00400-004FF             100
        BANK5            00500-005FF             100
        BANK6            00600-006FF             100
        BANK7            00700-007FF             100
        BANK8            00800-008FF             100
        BANK9            00900-009FF             100
        BIGRAM           00025-00DF9             DD5
        CODE             00004-00017              14
                         00238-1FFEF           1FDB8
        COMRAM           00025-0005F              3B
        CONST            00004-00017              14
                         00238-1FFEF           1FDB8
        MEDIUMCONST      00E00-0FFFF            F200
                         10E00-1FFEF            F1F0
        RAM              00060-00DF9             100
        SFR              00DFA-00FFF             100
        SMALLCONST       00E00-1FFEF             100
        STACK            00060-00DF9             D9A

                                  Symbol Table

?_Timer0Init             cstackCOMRAM  00012
InitDataLCD@RS           cstackCOMRAM  00017
InitDataLCD@RW           cstackCOMRAM  00012
InitDataLCD@data         cstackCOMRAM  00013
InitDataLCD@delayUs      cstackCOMRAM  00014
LCDWait@delaiUs          cstackCOMRAM  00012
_CNT1                    bssCOMRAM     0001C
_CNT2                    nvCOMRAM      00021
_ClockToggle             text11        00210
_DataLCD                 bssCOMRAM     00018
_FlagCSToggle            bssCOMRAM     00020
_INTCON2bits             (abs)         00FF1
_INTCONbits              (abs)         00FF2
_IOInit                  text7         00202
_InitDataLCD             text8         000B8
_InitLCD                 text1         001A2
_LATDbits                (abs)         00F8C
_LCDBusy                 text6         0022A
_LCDWait                 text5         001F4
_LCDbusy                 nvCOMRAM      00023
_NextCNT2                bssCOMRAM     0001E
_RCONbits                (abs)         00FD0
_T0CONbits               (abs)         00FD5
_TMR0H                   (abs)         00FD7
_TMR0L                   (abs)         00FD6
_TRISDbits               (abs)         00F95
_Timer0Init              text3         001C4
_Timer0IntInit           text2         0021E
_Timer0Start             text9         00234
_Timer0Stop              text4         00230
__CFG_BORV$1             (abs)         00000
__CFG_FOSC$FRCPLL        (abs)         00000
__CFG_IESO$OFF           (abs)         00000
__CFG_PLLDIV$NODIV       (abs)         00000
__CFG_STVREN$ON          (abs)         00000
__CFG_WDTPS$32768        (abs)         00000
__CFG_XINST$OFF          (abs)         00000
__HRAM                   (abs)         00000
__Habs1                  abs1          00000
__Hbank0                 bank0         00000
__Hbank1                 bank1         00000
__Hbank10                bank10        00000
__Hbank11                bank11        00000
__Hbank12                bank12        00000
__Hbank13                bank13        00000
__Hbank2                 bank2         00000
__Hbank3                 bank3         00000
__Hbank4                 bank4         00000
__Hbank5                 bank5         00000
__Hbank6                 bank6         00000
__Hbank7                 bank7         00000
__Hbank8                 bank8         00000
__Hbank9                 bank9         00000
__Hbigbss                bigbss        00000
__Hbigdata               bigdata       00000
__Hbigram                bigram        00000
__Hbss                   bss           00000
__HbssCOMRAM             bssCOMRAM     00000
__Hcinit                 cinit         00000
__Hclrtext               clrtext       00000
__Hcomram                comram        00000
__Hconfig                config        20000
__Hconst                 const         00000
__HcstackCOMRAM          cstackCOMRAM  00000
__Hdata                  data          00000
__Hend_init              end_init      000B8
__Hfarbss                farbss        00000
__Hfardata               fardata       00000
__Hibigdata              ibigdata      00000
__Hidata                 idata         00000
__Hidloc                 idloc         00000
__Hifardata              ifardata      00000
__Hinit                  init          000B4
__Hintcode               intcode       00004
__Hintcode_body          intcode_body  00000
__Hintcodelo             intcodelo     000B4
__Hintentry              intentry      00000
__Hintret                intret        00000
__Hintsave_regs          intsave_regs  00000
__Hirdata                irdata        00000
__Hjflash_buffer         jflash_buffer 1FBF8
__Hmediumconst           mediumconst   00000
__HnvCOMRAM              nvCOMRAM      00000
__HnvFARRAM              nvFARRAM      00000
__Hnvbit                 nvbit         00000
__Hnvrram                nvrram        00000
__Hparam                 rparam        00000
__Hpowerup               powerup       000B4
__Hram                   ram           00000
__Hramtop                ramtop        00E00
__Hrbit                  rbit          00000
__Hrbss                  rbss          00000
__Hrdata                 rdata         00000
__Hreset_vec             reset_vec     00004
__Hrparam                rparam        00000
__Hsfr                   sfr           00000
__Hsmallconst            smallconst    00000
__Hspace_0               (abs)         20000
__Hspace_1               (abs)         00025
__Hspace_2               (abs)         00000
__Hstack                 stack         00000
__Hstruct                struct        00000
__Htemp                  temp          00025
__Htext                  text          00000
__Htext0                 text0         00000
__Htext1                 text1         00000
__Htext11                text11        00000
__Htext2                 text2         00000
__Htext3                 text3         00000
__Htext4                 text4         00000
__Htext5                 text5         00000
__Htext6                 text6         00000
__Htext7                 text7         00000
__Htext8                 text8         00000
__Htext9                 text9         00000
__LRAM                   (abs)         00001
__Labs1                  abs1          00000
__Lbank0                 bank0         00000
__Lbank1                 bank1         00000
__Lbank10                bank10        00000
__Lbank11                bank11        00000
__Lbank12                bank12        00000
__Lbank13                bank13        00000
__Lbank2                 bank2         00000
__Lbank3                 bank3         00000
__Lbank4                 bank4         00000
__Lbank5                 bank5         00000
__Lbank6                 bank6         00000
__Lbank7                 bank7         00000
__Lbank8                 bank8         00000
__Lbank9                 bank9         00000
__Lbigbss                bigbss        00000
__Lbigdata               bigdata       00000
__Lbigram                bigram        00000
__Lbss                   bss           00000
__LbssCOMRAM             bssCOMRAM     00000
__Lcinit                 cinit         00000
__Lclrtext               clrtext       00000
__Lcomram                comram        00000
__Lconfig                config        1FFF0
__Lconst                 const         00000
__LcstackCOMRAM          cstackCOMRAM  00000
__Ldata                  data          00000
__Lend_init              end_init      000B4
__Lfarbss                farbss        00000
__Lfardata               fardata       00000
__Libigdata              ibigdata      00000
__Lidata                 idata         00000
__Lidloc                 idloc         00000
__Lifardata              ifardata      00000
__Linit                  init          000B4
__Lintcode               intcode       00004
__Lintcode_body          intcode_body  00000
__Lintcodelo             intcodelo     00018
__Lintentry              intentry      00000
__Lintret                intret        00000
__Lintsave_regs          intsave_regs  00000
__Lirdata                irdata        00000
__Ljflash_buffer         jflash_buffer 1FBF8
__Lmediumconst           mediumconst   00000
__LnvCOMRAM              nvCOMRAM      00000
__LnvFARRAM              nvFARRAM      00000
__Lnvbit                 nvbit         00000
__Lnvrram                nvrram        00000
__Lparam                 rparam        00000
__Lpowerup               powerup       000B4
__Lram                   ram           00000
__Lramtop                ramtop        00E00
__Lrbit                  rbit          00000
__Lrbss                  rbss          00000
__Lrdata                 rdata         00000
__Lreset_vec             reset_vec     00000
__Lrparam                rparam        00000
__Lsfr                   sfr           00000
__Lsmallconst            smallconst    00000
__Lspace_0               (abs)         00000
__Lspace_1               (abs)         00000
__Lspace_2               (abs)         00000
__Lstack                 stack         00000
__Lstruct                struct        00000
__Ltemp                  temp          00024
__Ltext                  text          00000
__Ltext0                 text0         00000
__Ltext1                 text1         00000
__Ltext11                text11        00000
__Ltext2                 text2         00000
__Ltext3                 text3         00000
__Ltext4                 text4         00000
__Ltext5                 text5         00000
__Ltext6                 text6         00000
__Ltext7                 text7         00000
__Ltext8                 text8         00000
__Ltext9                 text9         00000
__S0                     (abs)         20000
__S1                     (abs)         00025
__S2                     (abs)         00000
___inthi_sp              stack         00000
___intlo_sp              stack         00000
___param_bank            (abs)         00010
___rparam_used           (abs)         00001
___sp                    stack         00000
__accesstop              (abs)         00060
__activetblptr           (abs)         00000
__end_of_ClockToggle     text11        0021E
__end_of_IOInit          text7         00210
__end_of_InitDataLCD     text8         00170
__end_of_InitLCD         text1         001C4
__end_of_LCDBusy         text6         00230
__end_of_LCDWait         text5         00202
__end_of_Timer0Init      text3         001DE
__end_of_Timer0IntInit   text2         0022A
__end_of_Timer0Start     text9         00238
__end_of_Timer0Stop      text4         00234
__end_of__initialization cinit         001EA
__end_of_main            text0         001A2
__end_of_myIsr           intcodelo     000B4
__initialization         cinit         001DE
__mediumconst            mediumconst   00000
__pbssCOMRAM             bssCOMRAM     00018
__pcinit                 cinit         001DE
__pcstackCOMRAM          cstackCOMRAM  00001
__pintcodelo             intcodelo     00018
__pnvCOMRAM              nvCOMRAM      00021
__ptext0                 text0         00170
__ptext1                 text1         001A2
__ptext11                text11        00210
__ptext2                 text2         0021E
__ptext3                 text3         001C4
__ptext4                 text4         00230
__ptext5                 text5         001F4
__ptext6                 text6         0022A
__ptext7                 text7         00202
__ptext8                 text8         000B8
__ptext9                 text9         00234
__ramtop                 ramtop        00E00
__size_of_ClockToggle    (abs)         00000
__size_of_IOInit         (abs)         00000
__size_of_InitDataLCD    (abs)         00000
__size_of_InitLCD        (abs)         00000
__size_of_LCDBusy        (abs)         00000
__size_of_LCDWait        (abs)         00000
__size_of_Timer0Init     (abs)         00000
__size_of_Timer0IntInit  (abs)         00000
__size_of_Timer0Start    (abs)         00000
__size_of_Timer0Stop     (abs)         00000
__size_of_main           (abs)         00000
__size_of_myIsr          (abs)         00000
__smallconst             smallconst    00000
_main                    text0         00170
_myIsr                   intcodelo     00018
btemp                    temp          00024
end_of_initialization    cinit         001EA
int$flags                temp          00024
intlevel0                text          00000
intlevel1                text          00000
intlevel2                text          00000
intlevel3                text          00000
stackhi                  (abs)         00DF9
stacklo                  (abs)         00060
start                    init          000B4
start_initialization     cinit         001DE


FUNCTION INFORMATION:

 *************** function _main *****************
 Defined at:
		line 29 in file "main.c"
 Parameters:    Size  Location     Type
		None
 Auto vars:     Size  Location     Type
		None
 Return value:  Size  Location     Type
                  1    wreg      void 
 Registers used:
		wreg, status,2, status,0, cstack
 Tracked objects:
		On entry : 
		On exit  : 
		Unchanged: 
 Data sizes:     COMRAM   BANK0   BANK1   BANK2   BANK3   BANK4   BANK5   BANK6   BANK7   BANK8   BANK9  BANK10  BANK11  BANK12  BANK13
      Params:         0       0       0       0       0       0       0       0       0       0       0       0       0       0       0
      Locals:         0       0       0       0       0       0       0       0       0       0       0       0       0       0       0
      Temps:          0       0       0       0       0       0       0       0       0       0       0       0       0       0       0
      Totals:         0       0       0       0       0       0       0       0       0       0       0       0       0       0       0
Total ram usage:        0 bytes
 Hardware stack levels required when called:    5
 This function calls:
		_InitDataLCD
		_InitLCD
 This function is called by:
		Startup code after reset
 This function uses a non-reentrant model


 *************** function _InitLCD *****************
 Defined at:
		line 20 in file "Fonctions.c"
 Parameters:    Size  Location     Type
		None
 Auto vars:     Size  Location     Type
		None
 Return value:  Size  Location     Type
                  1    wreg      void 
 Registers used:
		wreg, status,2, cstack
 Tracked objects:
		On entry : 
		On exit  : 
		Unchanged: 
 Data sizes:     COMRAM   BANK0   BANK1   BANK2   BANK3   BANK4   BANK5   BANK6   BANK7   BANK8   BANK9  BANK10  BANK11  BANK12  BANK13
      Params:         0       0       0       0       0       0       0       0       0       0       0       0       0       0       0
      Locals:         0       0       0       0       0       0       0       0       0       0       0       0       0       0       0
      Temps:          0       0       0       0       0       0       0       0       0       0       0       0       0       0       0
      Totals:         0       0       0       0       0       0       0       0       0       0       0       0       0       0       0
Total ram usage:        0 bytes
 Hardware stack levels used:    1
 Hardware stack levels required when called:    4
 This function calls:
		_IOInit
		_LCDWait
		_Timer0Init
		_Timer0IntInit
 This function is called by:
		_main
 This function uses a non-reentrant model


 *************** function _Timer0IntInit *****************
 Defined at:
		line 54 in file "Fonctions.c"
 Parameters:    Size  Location     Type
		None
 Auto vars:     Size  Location     Type
		None
 Return value:  Size  Location     Type
                  1    wreg      void 
 Registers used:
		None
 Tracked objects:
		On entry : 
		On exit  : 
		Unchanged: 
 Data sizes:     COMRAM   BANK0   BANK1   BANK2   BANK3   BANK4   BANK5   BANK6   BANK7   BANK8   BANK9  BANK10  BANK11  BANK12  BANK13
      Params:         0       0       0       0       0       0       0       0       0       0       0       0       0       0       0
      Locals:         0       0       0       0       0       0       0       0       0       0       0       0       0       0       0
      Temps:          0       0       0       0       0       0       0       0       0       0       0       0       0       0       0
      Totals:         0       0       0       0       0       0       0       0       0       0       0       0       0       0       0
Total ram usage:        0 bytes
 Hardware stack levels used:    1
 Hardware stack levels required when called:    2
 This function calls:
		Nothing
 This function is called by:
		_InitLCD
 This function uses a non-reentrant model


 *************** function _Timer0Init *****************
 Defined at:
		line 30 in file "Fonctions.c"
 Parameters:    Size  Location     Type
		None
 Auto vars:     Size  Location     Type
		None
 Return value:  Size  Location     Type
                  1    wreg      void 
 Registers used:
		wreg, status,2, cstack
 Tracked objects:
		On entry : 
		On exit  : 
		Unchanged: 
 Data sizes:     COMRAM   BANK0   BANK1   BANK2   BANK3   BANK4   BANK5   BANK6   BANK7   BANK8   BANK9  BANK10  BANK11  BANK12  BANK13
      Params:         2       0       0       0       0       0       0       0       0       0       0       0       0       0       0
      Locals:         0       0       0       0       0       0       0       0       0       0       0       0       0       0       0
      Temps:          0       0       0       0       0       0       0       0       0       0       0       0       0       0       0
      Totals:         2       0       0       0       0       0       0       0       0       0       0       0       0       0       0
Total ram usage:        2 bytes
 Hardware stack levels used:    1
 Hardware stack levels required when called:    3
 This function calls:
		_Timer0Stop
 This function is called by:
		_InitLCD
 This function uses a non-reentrant model


 *************** function _Timer0Stop *****************
 Defined at:
		line 49 in file "Fonctions.c"
 Parameters:    Size  Location     Type
		None
 Auto vars:     Size  Location     Type
		None
 Return value:  Size  Location     Type
                  1    wreg      void 
 Registers used:
		None
 Tracked objects:
		On entry : 
		On exit  : 
		Unchanged: 
 Data sizes:     COMRAM   BANK0   BANK1   BANK2   BANK3   BANK4   BANK5   BANK6   BANK7   BANK8   BANK9  BANK10  BANK11  BANK12  BANK13
      Params:         0       0       0       0       0       0       0       0       0       0       0       0       0       0       0
      Locals:         0       0       0       0       0       0       0       0       0       0       0       0       0       0       0
      Temps:          0       0       0       0       0       0       0       0       0       0       0       0       0       0       0
      Totals:         0       0       0       0       0       0       0       0       0       0       0       0       0       0       0
Total ram usage:        0 bytes
 Hardware stack levels used:    1
 Hardware stack levels required when called:    2
 This function calls:
		Nothing
 This function is called by:
		_Timer0Init
 This function uses a non-reentrant model


 *************** function _LCDWait *****************
 Defined at:
		line 91 in file "Fonctions.c"
 Parameters:    Size  Location     Type
  delaiUs         2   17[COMRAM] int 
 Auto vars:     Size  Location     Type
		None
 Return value:  Size  Location     Type
                  1    wreg      void 
 Registers used:
		wreg, status,2, cstack
 Tracked objects:
		On entry : 
		On exit  : 
		Unchanged: 
 Data sizes:     COMRAM   BANK0   BANK1   BANK2   BANK3   BANK4   BANK5   BANK6   BANK7   BANK8   BANK9  BANK10  BANK11  BANK12  BANK13
      Params:         2       0       0       0       0       0       0       0       0       0       0       0       0       0       0
      Locals:         0       0       0       0       0       0       0       0       0       0       0       0       0       0       0
      Temps:          0       0       0       0       0       0       0       0       0       0       0       0       0       0       0
      Totals:         2       0       0       0       0       0       0       0       0       0       0       0       0       0       0
Total ram usage:        2 bytes
 Hardware stack levels used:    1
 Hardware stack levels required when called:    3
 This function calls:
		_LCDBusy
 This function is called by:
		_InitLCD
 This function uses a non-reentrant model


 *************** function _LCDBusy *****************
 Defined at:
		line 97 in file "Fonctions.c"
 Parameters:    Size  Location     Type
		None
 Auto vars:     Size  Location     Type
		None
 Return value:  Size  Location     Type
                  1    wreg      void 
 Registers used:
		wreg, status,2
 Tracked objects:
		On entry : 
		On exit  : 
		Unchanged: 
 Data sizes:     COMRAM   BANK0   BANK1   BANK2   BANK3   BANK4   BANK5   BANK6   BANK7   BANK8   BANK9  BANK10  BANK11  BANK12  BANK13
      Params:         0       0       0       0       0       0       0       0       0       0       0       0       0       0       0
      Locals:         0       0       0       0       0       0       0       0       0       0       0       0       0       0       0
      Temps:          0       0       0       0       0       0       0       0       0       0       0       0       0       0       0
      Totals:         0       0       0       0       0       0       0       0       0       0       0       0       0       0       0
Total ram usage:        0 bytes
 Hardware stack levels used:    1
 Hardware stack levels required when called:    2
 This function calls:
		Nothing
 This function is called by:
		_LCDWait
		_WriteLCD
 This function uses a non-reentrant model


 *************** function _IOInit *****************
 Defined at:
		line 63 in file "Fonctions.c"
 Parameters:    Size  Location     Type
		None
 Auto vars:     Size  Location     Type
		None
 Return value:  Size  Location     Type
                  1    wreg      void 
 Registers used:
		None
 Tracked objects:
		On entry : 
		On exit  : 
		Unchanged: 
 Data sizes:     COMRAM   BANK0   BANK1   BANK2   BANK3   BANK4   BANK5   BANK6   BANK7   BANK8   BANK9  BANK10  BANK11  BANK12  BANK13
      Params:         0       0       0       0       0       0       0       0       0       0       0       0       0       0       0
      Locals:         0       0       0       0       0       0       0       0       0       0       0       0       0       0       0
      Temps:          0       0       0       0       0       0       0       0       0       0       0       0       0       0       0
      Totals:         0       0       0       0       0       0       0       0       0       0       0       0       0       0       0
Total ram usage:        0 bytes
 Hardware stack levels used:    1
 Hardware stack levels required when called:    2
 This function calls:
		Nothing
 This function is called by:
		_InitLCD
 This function uses a non-reentrant model


 *************** function _InitDataLCD *****************
 Defined at:
		line 107 in file "Fonctions.c"
 Parameters:    Size  Location     Type
  RS              1    wreg     unsigned char 
  RW              1   17[COMRAM] unsigned char 
  data            1   18[COMRAM] unsigned char 
  delayUs         2   19[COMRAM] int 
 Auto vars:     Size  Location     Type
  RS              1   22[COMRAM] unsigned char 
 Return value:  Size  Location     Type
                  1    wreg      void 
 Registers used:
		wreg, status,2, status,0, cstack
 Tracked objects:
		On entry : 
		On exit  : 
		Unchanged: 
 Data sizes:     COMRAM   BANK0   BANK1   BANK2   BANK3   BANK4   BANK5   BANK6   BANK7   BANK8   BANK9  BANK10  BANK11  BANK12  BANK13
      Params:         4       0       0       0       0       0       0       0       0       0       0       0       0       0       0
      Locals:         1       0       0       0       0       0       0       0       0       0       0       0       0       0       0
      Temps:          1       0       0       0       0       0       0       0       0       0       0       0       0       0       0
      Totals:         6       0       0       0       0       0       0       0       0       0       0       0       0       0       0
Total ram usage:        6 bytes
 Hardware stack levels used:    1
 Hardware stack levels required when called:    3
 This function calls:
		_Timer0Start
 This function is called by:
		_main
 This function uses a non-reentrant model


 *************** function _Timer0Start *****************
 Defined at:
		line 44 in file "Fonctions.c"
 Parameters:    Size  Location     Type
		None
 Auto vars:     Size  Location     Type
		None
 Return value:  Size  Location     Type
                  1    wreg      void 
 Registers used:
		None
 Tracked objects:
		On entry : 
		On exit  : 
		Unchanged: 
 Data sizes:     COMRAM   BANK0   BANK1   BANK2   BANK3   BANK4   BANK5   BANK6   BANK7   BANK8   BANK9  BANK10  BANK11  BANK12  BANK13
      Params:         0       0       0       0       0       0       0       0       0       0       0       0       0       0       0
      Locals:         0       0       0       0       0       0       0       0       0       0       0       0       0       0       0
      Temps:          0       0       0       0       0       0       0       0       0       0       0       0       0       0       0
      Totals:         0       0       0       0       0       0       0       0       0       0       0       0       0       0       0
Total ram usage:        0 bytes
 Hardware stack levels used:    1
 Hardware stack levels required when called:    2
 This function calls:
		Nothing
 This function is called by:
		_InitDataLCD
 This function uses a non-reentrant model


 *************** function _myIsr *****************
 Defined at:
		line 17 in file "main.c"
 Parameters:    Size  Location     Type
		None
 Auto vars:     Size  Location     Type
		None
 Return value:  Size  Location     Type
                  1    wreg      void 
 Registers used:
		wreg, status,2, status,0, cstack
 Tracked objects:
		On entry : 
		On exit  : 
		Unchanged: 
 Data sizes:     COMRAM   BANK0   BANK1   BANK2   BANK3   BANK4   BANK5   BANK6   BANK7   BANK8   BANK9  BANK10  BANK11  BANK12  BANK13
      Params:         0       0       0       0       0       0       0       0       0       0       0       0       0       0       0
      Locals:         0       0       0       0       0       0       0       0       0       0       0       0       0       0       0
      Temps:         17       0       0       0       0       0       0       0       0       0       0       0       0       0       0
      Totals:        17       0       0       0       0       0       0       0       0       0       0       0       0       0       0
Total ram usage:       17 bytes
 Hardware stack levels used:    1
 Hardware stack levels required when called:    1
 This function calls:
		_ClockToggle
 This function is called by:
		Interrupt level 1
 This function uses a non-reentrant model


 *************** function _ClockToggle *****************
 Defined at:
		line 74 in file "Fonctions.c"
 Parameters:    Size  Location     Type
		None
 Auto vars:     Size  Location     Type
		None
 Return value:  Size  Location     Type
                  1    wreg      unsigned char 
 Registers used:
		wreg, status,2, status,0
 Tracked objects:
		On entry : 
		On exit  : 
		Unchanged: 
 Data sizes:     COMRAM   BANK0   BANK1   BANK2   BANK3   BANK4   BANK5   BANK6   BANK7   BANK8   BANK9  BANK10  BANK11  BANK12  BANK13
      Params:         0       0       0       0       0       0       0       0       0       0       0       0       0       0       0
      Locals:         0       0       0       0       0       0       0       0       0       0       0       0       0       0       0
      Temps:          0       0       0       0       0       0       0       0       0       0       0       0       0       0       0
      Totals:         0       0       0       0       0       0       0       0       0       0       0       0       0       0       0
Total ram usage:        0 bytes
 Hardware stack levels used:    1
 This function calls:
		Nothing
 This function is called by:
		_myIsr
		_WriteLCD
 This function uses a non-reentrant model



MODULE INFORMATION

Module		Function		Class		Link	Load	Size
shared
		__initialization		CODE           	01DE	0000	13

shared estimated size: 13

main.c
		_main          		CODE           	0170	0000	51
		_myIsr         		CODE           	0018	0000	157

main.c estimated size: 208

Fonctions.c
		_Timer0IntInit 		CODE           	021E	0000	13
		_ClockToggle   		CODE           	0210	0000	15
		_IOInit        		CODE           	0202	0000	15
		_LCDWait       		CODE           	01F4	0000	15
		_InitDataLCD   		CODE           	00B8	0000	185
		_InitLCD       		CODE           	01A2	0000	35
		_Timer0Stop    		CODE           	0230	0000	5
		_LCDBusy       		CODE           	022A	0000	7
		_Timer0Start   		CODE           	0234	0000	5
		_Timer0Init    		CODE           	01C4	0000	27

Fonctions.c estimated size: 322

