Microchip MPLAB XC8 Compiler V1.38 ()

Linker command line:

-W-3 --edf=C:\Program Files (x86)\Microchip\xc8\v1.38\dat\en_msgs.txt -cs \
  -h+dist/default/debug\LCD_SPI.X.debug.sym \
  --cmf=dist/default/debug\LCD_SPI.X.debug.cmf -z -Q18F67J94 \
  -oC:\Users\dufd2703\AppData\Local\Temp\s7vc.2 \
  -Mdist/default/debug/LCD_SPI.X.debug.map -E1 -ver=XC8 -ASTACK=060h-0df9h \
  -pstack=STACK -ACODE=00h-01FFEFh -ACONST=00h-01FFEFh \
  -ASMALLCONST=0E00h-0EFFhx497,01FF00h-01FFEFh \
  -AMEDIUMCONST=0E00h-0FFFFh,010E00h-01FFEFh -ACOMRAM=01h-05Fh \
  -AABS1=00h-0DF9h -ABIGRAM=01h-0DF9h \
  -ARAM=060h-0FFh,0100h-01FFhx12,0D00h-0DF9h -ABANK0=060h-0FFh \
  -ABANK1=0100h-01FFh -ABANK2=0200h-02FFh -ABANK3=0300h-03FFh \
  -ABANK4=0400h-04FFh -ABANK5=0500h-05FFh -ABANK6=0600h-06FFh \
  -ABANK7=0700h-07FFh -ABANK8=0800h-08FFh -ABANK9=0900h-09FFh \
  -ABANK10=0A00h-0AFFh -ABANK11=0B00h-0BFFh -ABANK12=0C00h-0CFFh \
  -ABANK13=0D00h-0DF9h \
  -ASFR=0DFAh-0DFFh,0E00h-0EFFh,0F00h-0F5Fh,0F60h-0FFCh \
  -preset_vec=00h,intcode,intcodelo,powerup,init,end_init -pramtop=0E00h \
  -psmallconst=SMALLCONST -pmediumconst=MEDIUMCONST -pconst=CONST \
  -AFARRAM=00h-00h -ACONFIG=01FFF0h-01FFFFh -pconfig=CONFIG \
  -pjflash_buffer=01FBF8h \
  -prdata=COMRAM,nvrram=COMRAM,nvbit=COMRAM,rbss=COMRAM,rbit=COMRAM \
  -pfarbss=FARRAM,fardata=FARRAM,nvFARRAM=FARRAM \
  -pintsave_regs=BIGRAM,bigbss=BIGRAM,bigdata=BIGRAM -pbss=RAM \
  -pidata=CODE,irdata=CODE,ibigdata=CODE,ifardata=CODE -prparam=COMRAM \
  C:\Users\dufd2703\AppData\Local\Temp\s7vc.obj \
  dist/default/debug\LCD_SPI.X.debug.obj 

Object code version is 3.11

Machine type is 18F67J94

Call graph: (short form)




                Name                               Link     Load   Length Selector   Space Scale
C:\Users\dufd2703\AppData\Local\Temp\s7vc.obj
                end_init                              2        2        4        0       0
                reset_vec                             0        0        2        0       0
                config                            1FFF0    1FFF0       10    1FFF0       0
dist/default/debug\LCD_SPI.X.debug.obj
                smallconst                          E00      E00        8      700       0
                text11                             1124     1124       12      704       0
                text10                             110A     110A       1A      704       0
                text9                              10CC     10CC       22      704       0
                text8                               FDA      FDA       44      704       0
                text7                              101E     101E       40      704       0
                text6                              105E     105E       3E      704       0
                text5                              10EE     10EE       1C      704       0
                text4                               EF2      EF2       52      704       0
                text3                               F44      F44       4C      704       0
                text2                              109C     109C       30      704       0
                text1                               F90      F90       4A      704       0
                text0                               E08      E08       EA      704       0
                cstackCOMRAM                          1        1        B        1       1
                cinit                              1136     1136        E      704       0

TOTAL           Name                               Link     Load   Length     Space
        CLASS   STACK          

        CLASS   CODE           
                end_init                              2        2        4         0
                reset_vec                             0        0        2         0
                text11                             1124     1124       12         0
                text10                             110A     110A       1A         0
                text9                              10CC     10CC       22         0
                text8                               FDA      FDA       44         0
                text7                              101E     101E       40         0
                text6                              105E     105E       3E         0
                text5                              10EE     10EE       1C         0
                text4                               EF2      EF2       52         0
                text3                               F44      F44       4C         0
                text2                              109C     109C       30         0
                text1                               F90      F90       4A         0
                text0                               E08      E08       EA         0
                cinit                              1136     1136        E         0

        CLASS   CONST          

        CLASS   SMALLCONST     
                smallconst                          E00      E00        8         0

        CLASS   MEDIUMCONST    

        CLASS   COMRAM         
                cstackCOMRAM                          1        1        B         1

        CLASS   ABS1           

        CLASS   BIGRAM         

        CLASS   RAM            

        CLASS   BANK0          

        CLASS   BANK1          

        CLASS   BANK2          

        CLASS   BANK3          

        CLASS   BANK4          

        CLASS   BANK5          

        CLASS   BANK6          

        CLASS   BANK7          

        CLASS   BANK8          

        CLASS   BANK9          

        CLASS   BANK10         

        CLASS   BANK11         

        CLASS   BANK12         

        CLASS   BANK13         

        CLASS   SFR            

        CLASS   FARRAM         

        CLASS   CONFIG         
                config                            1FFF0    1FFF0       10         0

        CLASS   IDLOC          



SEGMENTS        Name                           Load    Length   Top    Selector   Space  Class

                reset_vec                      000000  000006  000006         0       0  CODE    
                cstackCOMRAM                   000001  00000B  00000C         1       1  COMRAM  
                smallconst                     000E00  000008  000E08       700       0  SMALLCON
                text0                          000E08  00033C  001144       704       0  CODE    
                config                         01FFF0  000010  020000     1FFF0       0  CONFIG  


UNUSED ADDRESS RANGES

        Name                Unused          Largest block    Delta
        BANK0            00060-000FF              A0
        BANK1            00100-001FF             100
        BANK10           00A00-00AFF             100
        BANK11           00B00-00BFF             100
        BANK12           00C00-00CFF             100
        BANK13           00D00-00DF9              FA
        BANK2            00200-002FF             100
        BANK3            00300-003FF             100
        BANK4            00400-004FF             100
        BANK5            00500-005FF             100
        BANK6            00600-006FF             100
        BANK7            00700-007FF             100
        BANK8            00800-008FF             100
        BANK9            00900-009FF             100
        BIGRAM           0000C-00DF9             DEE
        CODE             00006-00DFF             DFA
                         01144-1FFEF           1EEAC
        COMRAM           0000C-0005F              54
        CONST            00006-00DFF             DFA
                         01144-1FFEF           1EEAC
        MEDIUMCONST      01144-0FFFF            EEBC
                         10E00-1FFEF            F1F0
        RAM              00060-00DF9             100
        SFR              00DFA-00FFC             100
        SMALLCONST       01144-1FFEF             100
        STACK            00060-00DF9             D9A

                                  Symbol Table

_LATDbits                     (abs)         00F8C
_OSCCON                       (abs)         00FD3
_RPINR12_13                   (abs)         00E30
_RPOR22_23                    (abs)         00E1D
_RPOR24_25                    (abs)         00E1E
_SSP2BUF                      (abs)         00F03
_SSP2CON1                     (abs)         00F19
_SSP2CON3                     (abs)         00F39
_SSP2STAT                     (abs)         00F1A
_SSP2STATbits                 (abs)         00F1A
_TRISCbits                    (abs)         00F94
_TRISDbits                    (abs)         00F95
__CFG_BORV$1                  (abs)         00000
__CFG_FOSC$FRC                (abs)         00000
__CFG_IESO$OFF                (abs)         00000
__CFG_STVREN$ON               (abs)         00000
__CFG_WDTPS$32768             (abs)         00000
__CFG_XINST$OFF               (abs)         00000
__HRAM                        (abs)         00000
__Habs1                       abs1          00000
__Hbank0                      bank0         00000
__Hbank1                      bank1         00000
__Hbank10                     bank10        00000
__Hbank11                     bank11        00000
__Hbank12                     bank12        00000
__Hbank13                     bank13        00000
__Hbank2                      bank2         00000
__Hbank3                      bank3         00000
__Hbank4                      bank4         00000
__Hbank5                      bank5         00000
__Hbank6                      bank6         00000
__Hbank7                      bank7         00000
__Hbank8                      bank8         00000
__Hbank9                      bank9         00000
__Hbigbss                     bigbss        00000
__Hbigdata                    bigdata       00000
__Hbigram                     bigram        00000
__Hbss                        bss           00000
__Hcinit                      cinit         00000
__Hclrtext                    clrtext       00000
__Hcomram                     comram        00000
__Hconfig                     config        20000
__Hconst                      const         00000
__HcstackCOMRAM               cstackCOMRAM  00000
__Hdata                       data          00000
__Hend_init                   end_init      00006
__Hfarbss                     farbss        00000
__Hfardata                    fardata       00000
__Hibigdata                   ibigdata      00000
__Hidata                      idata         00000
__Hidloc                      idloc         00000
__Hifardata                   ifardata      00000
__Hinit                       init          00002
__Hintcode                    intcode       00002
__Hintcode_body               intcode_body  00000
__Hintcodelo                  intcodelo     00002
__Hintentry                   intentry      00000
__Hintret                     intret        00000
__Hintsave_regs               intsave_regs  00000
__Hirdata                     irdata        00000
__Hjflash_buffer              jflash_buffer 1FBF8
__Hmediumconst                mediumconst   00000
__HnvFARRAM                   nvFARRAM      00000
__Hnvbit                      nvbit         00000
__Hnvrram                     nvrram        00000
__Hparam                      rparam        00000
__Hpowerup                    powerup       00002
__Hram                        ram           00000
__Hramtop                     ramtop        00E00
__Hrbit                       rbit          00000
__Hrbss                       rbss          00000
__Hrdata                      rdata         00000
__Hreset_vec                  reset_vec     00002
__Hrparam                     rparam        00000
__Hsfr                        sfr           00000
__Hsmallconst                 smallconst    00E08
__Hspace_0                    (abs)         20000
__Hspace_1                    (abs)         0000C
__Hspace_2                    (abs)         00000
__Hstack                      stack         00000
__Hstruct                     struct        00000
__Htemp                       temp          00000
__Htext                       text          00000
__Htext0                      text0         00000
__Htext1                      text1         00000
__Htext10                     text10        00000
__Htext11                     text11        00000
__Htext2                      text2         00000
__Htext3                      text3         00000
__Htext4                      text4         00000
__Htext5                      text5         00000
__Htext6                      text6         00000
__Htext7                      text7         00000
__Htext8                      text8         00000
__Htext9                      text9         00000
__LRAM                        (abs)         00001
__Labs1                       abs1          00000
__Lbank0                      bank0         00000
__Lbank1                      bank1         00000
__Lbank10                     bank10        00000
__Lbank11                     bank11        00000
__Lbank12                     bank12        00000
__Lbank13                     bank13        00000
__Lbank2                      bank2         00000
__Lbank3                      bank3         00000
__Lbank4                      bank4         00000
__Lbank5                      bank5         00000
__Lbank6                      bank6         00000
__Lbank7                      bank7         00000
__Lbank8                      bank8         00000
__Lbank9                      bank9         00000
__Lbigbss                     bigbss        00000
__Lbigdata                    bigdata       00000
__Lbigram                     bigram        00000
__Lbss                        bss           00000
__Lcinit                      cinit         00000
__Lclrtext                    clrtext       00000
__Lcomram                     comram        00000
__Lconfig                     config        1FFF0
__Lconst                      const         00000
__LcstackCOMRAM               cstackCOMRAM  00000
__Ldata                       data          00000
__Lend_init                   end_init      00002
__Lfarbss                     farbss        00000
__Lfardata                    fardata       00000
__Libigdata                   ibigdata      00000
__Lidata                      idata         00000
__Lidloc                      idloc         00000
__Lifardata                   ifardata      00000
__Linit                       init          00002
__Lintcode                    intcode       00002
__Lintcode_body               intcode_body  00000
__Lintcodelo                  intcodelo     00002
__Lintentry                   intentry      00000
__Lintret                     intret        00000
__Lintsave_regs               intsave_regs  00000
__Lirdata                     irdata        00000
__Ljflash_buffer              jflash_buffer 1FBF8
__Lmediumconst                mediumconst   00000
__LnvFARRAM                   nvFARRAM      00000
__Lnvbit                      nvbit         00000
__Lnvrram                     nvrram        00000
__Lparam                      rparam        00000
__Lpowerup                    powerup       00002
__Lram                        ram           00000
__Lramtop                     ramtop        00E00
__Lrbit                       rbit          00000
__Lrbss                       rbss          00000
__Lrdata                      rdata         00000
__Lreset_vec                  reset_vec     00000
__Lrparam                     rparam        00000
__Lsfr                        sfr           00000
__Lsmallconst                 smallconst    00E00
__Lspace_0                    (abs)         00000
__Lspace_1                    (abs)         00000
__Lspace_2                    (abs)         00000
__Lstack                      stack         00000
__Lstruct                     struct        00000
__Ltemp                       temp          00000
__Ltext                       text          00000
__Ltext0                      text0         00000
__Ltext1                      text1         00000
__Ltext10                     text10        00000
__Ltext11                     text11        00000
__Ltext2                      text2         00000
__Ltext3                      text3         00000
__Ltext4                      text4         00000
__Ltext5                      text5         00000
__Ltext6                      text6         00000
__Ltext7                      text7         00000
__Ltext8                      text8         00000
__Ltext9                      text9         00000
__S0                          (abs)         20000
__S1                          (abs)         0000C
__S2                          (abs)         00000
___inthi_sp                   stack         00000
___intlo_sp                   stack         00000
___param_bank                 (abs)         00010
___rparam_used                (abs)         00001
___sp                         stack         00000
__accesstop                   (abs)         00060
__activetblptr                (abs)         00001
__end_of__initialization      cinit         01136
__end_of_clearDisplay         text9         010EE
__end_of_displayCtrl          text8         0101E
__end_of_fliplr               text4         00F44
__end_of_initialisation_LCD   text5         0110A
__end_of_initialisation_PORT  text7         0105E
__end_of_initialisation_SPI   text6         0109C
__end_of_main                 text0         00EF2
__end_of_moveCursor           text3         00F90
__end_of_putStringLCD         text1         00FDA
__end_of_putchLCD             text2         010CC
__end_of_readBusyFlag         text10        01124
__end_of_spi_Send_Read        text11        01136
__initialization              cinit         01136
__mediumconst                 mediumconst   00000
__pcinit                      cinit         01136
__pcstackCOMRAM               cstackCOMRAM  00001
__psmallconst                 smallconst    00E00
__ptext0                      text0         00E08
__ptext1                      text1         00F90
__ptext10                     text10        0110A
__ptext11                     text11        01124
__ptext2                      text2         0109C
__ptext3                      text3         00F44
__ptext4                      text4         00EF2
__ptext5                      text5         010EE
__ptext6                      text6         0105E
__ptext7                      text7         0101E
__ptext8                      text8         00FDA
__ptext9                      text9         010CC
__ramtop                      ramtop        00E00
__size_of_clearDisplay        (abs)         00000
__size_of_displayCtrl         (abs)         00000
__size_of_fliplr              (abs)         00000
__size_of_initialisation_LCD  (abs)         00000
__size_of_initialisation_PORT (abs)         00000
__size_of_initialisation_SPI  (abs)         00000
__size_of_main                (abs)         00000
__size_of_moveCursor          (abs)         00000
__size_of_putStringLCD        (abs)         00000
__size_of_putchLCD            (abs)         00000
__size_of_readBusyFlag        (abs)         00000
__size_of_spi_Send_Read       (abs)         00000
__smallconst                  smallconst    00E00
_clearDisplay                 text9         010CC
_displayCtrl                  text8         00FDA
_fliplr                       text4         00EF2
_initialisation_LCD           text5         010EE
_initialisation_PORT          text7         0101E
_initialisation_SPI           text6         0105E
_main                         text0         00E08
_moveCursor                   text3         00F44
_putStringLCD                 text1         00F90
_putchLCD                     text2         0109C
_readBusyFlag                 text10        0110A
_spi_Send_Read                text11        01124
displayCtrl@BCD               cstackCOMRAM  00006
displayCtrl@blink             cstackCOMRAM  00004
displayCtrl@cursor            cstackCOMRAM  00003
displayCtrl@display           cstackCOMRAM  00005
end_of_initialization         cinit         01136
fliplr@input                  cstackCOMRAM  00003
intlevel0                     text          00000
intlevel1                     text          00000
intlevel2                     text          00000
intlevel3                     text          00000
main@status                   cstackCOMRAM  0000B
moveCursor@address            cstackCOMRAM  00008
moveCursor@col                cstackCOMRAM  00006
moveCursor@row                cstackCOMRAM  00004
putStringLCD@i                cstackCOMRAM  00009
putStringLCD@input            cstackCOMRAM  00005
putchLCD@input                cstackCOMRAM  00004
readBusyFlag@retValue         cstackCOMRAM  00002
spi_Send_Read@byte            cstackCOMRAM  00001
stackhi                       (abs)         00DF9
stacklo                       (abs)         00060
start                         init          00002
start_initialization          cinit         01136


FUNCTION INFORMATION:

 *************** function _main *****************
 Defined at:
		line 4 in file "main.c"
 Parameters:    Size  Location     Type
		None
 Auto vars:     Size  Location     Type
  data            5    0        unsigned char [5]
  i               2    0        int 
  status          1   10[COMRAM] unsigned char 
 Return value:  Size  Location     Type
                  1    wreg      void 
 Registers used:
		wreg, status,2, status,0, tblptrl, tblptrh, tblptru, prodl, prodh, cstack
 Tracked objects:
		On entry : 
		On exit  : 
		Unchanged: 
 Data sizes:     COMRAM   BANK0   BANK1   BANK2   BANK3   BANK4   BANK5   BANK6   BANK7   BANK8   BANK9  BANK10  BANK11  BANK12  BANK13
      Params:         0       0       0       0       0       0       0       0       0       0       0       0       0       0       0
      Locals:         1       0       0       0       0       0       0       0       0       0       0       0       0       0       0
      Temps:          0       0       0       0       0       0       0       0       0       0       0       0       0       0       0
      Totals:         1       0       0       0       0       0       0       0       0       0       0       0       0       0       0
Total ram usage:        1 bytes
 Hardware stack levels required when called:    4
 This function calls:
		_initialisation_LCD
		_moveCursor
		_putStringLCD
 This function is called by:
		Startup code after reset
 This function uses a non-reentrant model


 *************** function _putStringLCD *****************
 Defined at:
		line 48 in file "LCD_SPI.c"
 Parameters:    Size  Location     Type
  input           2    4[COMRAM] PTR const unsigned char 
		 -> STR_7(6), STR_6(6), STR_5(6), STR_4(6), 
		 -> STR_3(6), STR_2(6), STR_1(6), 
 Auto vars:     Size  Location     Type
  i               2    8[COMRAM] int 
 Return value:  Size  Location     Type
                  1    wreg      void 
 Registers used:
		wreg, status,2, status,0, tblptrl, tblptrh, tblptru, cstack
 Tracked objects:
		On entry : 
		On exit  : 
		Unchanged: 
 Data sizes:     COMRAM   BANK0   BANK1   BANK2   BANK3   BANK4   BANK5   BANK6   BANK7   BANK8   BANK9  BANK10  BANK11  BANK12  BANK13
      Params:         2       0       0       0       0       0       0       0       0       0       0       0       0       0       0
      Locals:         2       0       0       0       0       0       0       0       0       0       0       0       0       0       0
      Temps:          2       0       0       0       0       0       0       0       0       0       0       0       0       0       0
      Totals:         6       0       0       0       0       0       0       0       0       0       0       0       0       0       0
Total ram usage:        6 bytes
 Hardware stack levels used:    1
 Hardware stack levels required when called:    3
 This function calls:
		_putchLCD
 This function is called by:
		_main
 This function uses a non-reentrant model


 *************** function _putchLCD *****************
 Defined at:
		line 57 in file "LCD_SPI.c"
 Parameters:    Size  Location     Type
  input           1    wreg     unsigned char 
 Auto vars:     Size  Location     Type
  input           1    3[COMRAM] unsigned char 
 Return value:  Size  Location     Type
                  1    wreg      void 
 Registers used:
		wreg, status,2, status,0, cstack
 Tracked objects:
		On entry : 
		On exit  : 
		Unchanged: 
 Data sizes:     COMRAM   BANK0   BANK1   BANK2   BANK3   BANK4   BANK5   BANK6   BANK7   BANK8   BANK9  BANK10  BANK11  BANK12  BANK13
      Params:         0       0       0       0       0       0       0       0       0       0       0       0       0       0       0
      Locals:         1       0       0       0       0       0       0       0       0       0       0       0       0       0       0
      Temps:          0       0       0       0       0       0       0       0       0       0       0       0       0       0       0
      Totals:         1       0       0       0       0       0       0       0       0       0       0       0       0       0       0
Total ram usage:        1 bytes
 Hardware stack levels used:    1
 Hardware stack levels required when called:    2
 This function calls:
		_fliplr
		_readBusyFlag
		_spi_Send_Read
 This function is called by:
		_putStringLCD
 This function uses a non-reentrant model


 *************** function _moveCursor *****************
 Defined at:
		line 78 in file "LCD_SPI.c"
 Parameters:    Size  Location     Type
  row             2    3[COMRAM] int 
  col             2    5[COMRAM] int 
 Auto vars:     Size  Location     Type
  address         1    7[COMRAM] unsigned char 
 Return value:  Size  Location     Type
                  1    wreg      void 
 Registers used:
		wreg, status,2, status,0, prodl, prodh, cstack
 Tracked objects:
		On entry : 
		On exit  : 
		Unchanged: 
 Data sizes:     COMRAM   BANK0   BANK1   BANK2   BANK3   BANK4   BANK5   BANK6   BANK7   BANK8   BANK9  BANK10  BANK11  BANK12  BANK13
      Params:         4       0       0       0       0       0       0       0       0       0       0       0       0       0       0
      Locals:         1       0       0       0       0       0       0       0       0       0       0       0       0       0       0
      Temps:          0       0       0       0       0       0       0       0       0       0       0       0       0       0       0
      Totals:         5       0       0       0       0       0       0       0       0       0       0       0       0       0       0
Total ram usage:        5 bytes
 Hardware stack levels used:    1
 Hardware stack levels required when called:    2
 This function calls:
		_fliplr
		_readBusyFlag
		_spi_Send_Read
 This function is called by:
		_main
 This function uses a non-reentrant model


 *************** function _fliplr *****************
 Defined at:
		line 69 in file "LCD_SPI.c"
 Parameters:    Size  Location     Type
  input           1    wreg     unsigned char 
 Auto vars:     Size  Location     Type
  input           1    2[COMRAM] unsigned char 
 Return value:  Size  Location     Type
                  1    wreg      unsigned char 
 Registers used:
		wreg, status,2, status,0
 Tracked objects:
		On entry : 
		On exit  : 
		Unchanged: 
 Data sizes:     COMRAM   BANK0   BANK1   BANK2   BANK3   BANK4   BANK5   BANK6   BANK7   BANK8   BANK9  BANK10  BANK11  BANK12  BANK13
      Params:         0       0       0       0       0       0       0       0       0       0       0       0       0       0       0
      Locals:         1       0       0       0       0       0       0       0       0       0       0       0       0       0       0
      Temps:          2       0       0       0       0       0       0       0       0       0       0       0       0       0       0
      Totals:         3       0       0       0       0       0       0       0       0       0       0       0       0       0       0
Total ram usage:        3 bytes
 Hardware stack levels used:    1
 This function calls:
		Nothing
 This function is called by:
		_putchLCD
		_moveCursor
 This function uses a non-reentrant model


 *************** function _initialisation_LCD *****************
 Defined at:
		line 149 in file "LCD_SPI.c"
 Parameters:    Size  Location     Type
		None
 Auto vars:     Size  Location     Type
		None
 Return value:  Size  Location     Type
                  1    wreg      void 
 Registers used:
		wreg, status,2, status,0, cstack
 Tracked objects:
		On entry : 
		On exit  : 
		Unchanged: 
 Data sizes:     COMRAM   BANK0   BANK1   BANK2   BANK3   BANK4   BANK5   BANK6   BANK7   BANK8   BANK9  BANK10  BANK11  BANK12  BANK13
      Params:         0       0       0       0       0       0       0       0       0       0       0       0       0       0       0
      Locals:         0       0       0       0       0       0       0       0       0       0       0       0       0       0       0
      Temps:          0       0       0       0       0       0       0       0       0       0       0       0       0       0       0
      Totals:         0       0       0       0       0       0       0       0       0       0       0       0       0       0       0
Total ram usage:        0 bytes
 Hardware stack levels used:    1
 Hardware stack levels required when called:    3
 This function calls:
		_clearDisplay
		_displayCtrl
		_initialisation_PORT
		_initialisation_SPI
 This function is called by:
		_main
 This function uses a non-reentrant model


 *************** function _initialisation_SPI *****************
 Defined at:
		line 112 in file "LCD_SPI.c"
 Parameters:    Size  Location     Type
		None
 Auto vars:     Size  Location     Type
		None
 Return value:  Size  Location     Type
                  1    wreg      void 
 Registers used:
		wreg, status,2, status,0
 Tracked objects:
		On entry : 
		On exit  : 
		Unchanged: 
 Data sizes:     COMRAM   BANK0   BANK1   BANK2   BANK3   BANK4   BANK5   BANK6   BANK7   BANK8   BANK9  BANK10  BANK11  BANK12  BANK13
      Params:         0       0       0       0       0       0       0       0       0       0       0       0       0       0       0
      Locals:         0       0       0       0       0       0       0       0       0       0       0       0       0       0       0
      Temps:          0       0       0       0       0       0       0       0       0       0       0       0       0       0       0
      Totals:         0       0       0       0       0       0       0       0       0       0       0       0       0       0       0
Total ram usage:        0 bytes
 Hardware stack levels used:    1
 This function calls:
		Nothing
 This function is called by:
		_initialisation_LCD
 This function uses a non-reentrant model


 *************** function _initialisation_PORT *****************
 Defined at:
		line 134 in file "LCD_SPI.c"
 Parameters:    Size  Location     Type
		None
 Auto vars:     Size  Location     Type
		None
 Return value:  Size  Location     Type
                  1    wreg      void 
 Registers used:
		wreg, status,2, status,0
 Tracked objects:
		On entry : 
		On exit  : 
		Unchanged: 
 Data sizes:     COMRAM   BANK0   BANK1   BANK2   BANK3   BANK4   BANK5   BANK6   BANK7   BANK8   BANK9  BANK10  BANK11  BANK12  BANK13
      Params:         0       0       0       0       0       0       0       0       0       0       0       0       0       0       0
      Locals:         0       0       0       0       0       0       0       0       0       0       0       0       0       0       0
      Temps:          1       0       0       0       0       0       0       0       0       0       0       0       0       0       0
      Totals:         1       0       0       0       0       0       0       0       0       0       0       0       0       0       0
Total ram usage:        1 bytes
 Hardware stack levels used:    1
 This function calls:
		Nothing
 This function is called by:
		_initialisation_LCD
 This function uses a non-reentrant model


 *************** function _displayCtrl *****************
 Defined at:
		line 30 in file "LCD_SPI.c"
 Parameters:    Size  Location     Type
  display         1    wreg     unsigned char 
  cursor          1    2[COMRAM] unsigned char 
  blink           1    3[COMRAM] unsigned char 
 Auto vars:     Size  Location     Type
  display         1    4[COMRAM] unsigned char 
  BCD             1    5[COMRAM] unsigned char 
 Return value:  Size  Location     Type
                  1    wreg      void 
 Registers used:
		wreg, status,2, status,0, cstack
 Tracked objects:
		On entry : 
		On exit  : 
		Unchanged: 
 Data sizes:     COMRAM   BANK0   BANK1   BANK2   BANK3   BANK4   BANK5   BANK6   BANK7   BANK8   BANK9  BANK10  BANK11  BANK12  BANK13
      Params:         2       0       0       0       0       0       0       0       0       0       0       0       0       0       0
      Locals:         2       0       0       0       0       0       0       0       0       0       0       0       0       0       0
      Temps:          0       0       0       0       0       0       0       0       0       0       0       0       0       0       0
      Totals:         4       0       0       0       0       0       0       0       0       0       0       0       0       0       0
Total ram usage:        4 bytes
 Hardware stack levels used:    1
 Hardware stack levels required when called:    2
 This function calls:
		_readBusyFlag
		_spi_Send_Read
 This function is called by:
		_initialisation_LCD
 This function uses a non-reentrant model


 *************** function _clearDisplay *****************
 Defined at:
		line 18 in file "LCD_SPI.c"
 Parameters:    Size  Location     Type
		None
 Auto vars:     Size  Location     Type
		None
 Return value:  Size  Location     Type
                  1    wreg      void 
 Registers used:
		wreg, status,2, status,0, cstack
 Tracked objects:
		On entry : 
		On exit  : 
		Unchanged: 
 Data sizes:     COMRAM   BANK0   BANK1   BANK2   BANK3   BANK4   BANK5   BANK6   BANK7   BANK8   BANK9  BANK10  BANK11  BANK12  BANK13
      Params:         0       0       0       0       0       0       0       0       0       0       0       0       0       0       0
      Locals:         0       0       0       0       0       0       0       0       0       0       0       0       0       0       0
      Temps:          0       0       0       0       0       0       0       0       0       0       0       0       0       0       0
      Totals:         0       0       0       0       0       0       0       0       0       0       0       0       0       0       0
Total ram usage:        0 bytes
 Hardware stack levels used:    1
 Hardware stack levels required when called:    2
 This function calls:
		_readBusyFlag
		_spi_Send_Read
 This function is called by:
		_initialisation_LCD
 This function uses a non-reentrant model


 *************** function _readBusyFlag *****************
 Defined at:
		line 93 in file "LCD_SPI.c"
 Parameters:    Size  Location     Type
		None
 Auto vars:     Size  Location     Type
  retValue        1    1[COMRAM] unsigned char 
 Return value:  Size  Location     Type
                  1    wreg      unsigned char 
 Registers used:
		wreg, status,2, status,0, cstack
 Tracked objects:
		On entry : 
		On exit  : 
		Unchanged: 
 Data sizes:     COMRAM   BANK0   BANK1   BANK2   BANK3   BANK4   BANK5   BANK6   BANK7   BANK8   BANK9  BANK10  BANK11  BANK12  BANK13
      Params:         0       0       0       0       0       0       0       0       0       0       0       0       0       0       0
      Locals:         1       0       0       0       0       0       0       0       0       0       0       0       0       0       0
      Temps:          0       0       0       0       0       0       0       0       0       0       0       0       0       0       0
      Totals:         1       0       0       0       0       0       0       0       0       0       0       0       0       0       0
Total ram usage:        1 bytes
 Hardware stack levels used:    1
 Hardware stack levels required when called:    1
 This function calls:
		_spi_Send_Read
 This function is called by:
		_clearDisplay
		_displayCtrl
		_putchLCD
		_moveCursor
 This function uses a non-reentrant model


 *************** function _spi_Send_Read *****************
 Defined at:
		line 11 in file "LCD_SPI.c"
 Parameters:    Size  Location     Type
  byte            1    wreg     unsigned char 
 Auto vars:     Size  Location     Type
  byte            1    0[COMRAM] unsigned char 
 Return value:  Size  Location     Type
                  1    wreg      unsigned char 
 Registers used:
		wreg, status,2
 Tracked objects:
		On entry : 
		On exit  : 
		Unchanged: 
 Data sizes:     COMRAM   BANK0   BANK1   BANK2   BANK3   BANK4   BANK5   BANK6   BANK7   BANK8   BANK9  BANK10  BANK11  BANK12  BANK13
      Params:         0       0       0       0       0       0       0       0       0       0       0       0       0       0       0
      Locals:         1       0       0       0       0       0       0       0       0       0       0       0       0       0       0
      Temps:          0       0       0       0       0       0       0       0       0       0       0       0       0       0       0
      Totals:         1       0       0       0       0       0       0       0       0       0       0       0       0       0       0
Total ram usage:        1 bytes
 Hardware stack levels used:    1
 This function calls:
		Nothing
 This function is called by:
		_clearDisplay
		_displayCtrl
		_putchLCD
		_moveCursor
		_readBusyFlag
 This function uses a non-reentrant model



MODULE INFORMATION

Module		Function		Class		Link	Load	Size
LCD_SPI.c
		_readBusyFlag  		CODE           	110A	0000	27
		_displayCtrl   		CODE           	0FDA	0000	69
		_initialisation_SPI		CODE           	105E	0000	63
		_spi_Send_Read 		CODE           	1124	0000	19
		_putStringLCD  		CODE           	0F90	0000	75
		_putchLCD      		CODE           	109C	0000	49
		_fliplr        		CODE           	0EF2	0000	83
		_clearDisplay  		CODE           	10CC	0000	35
		_moveCursor    		CODE           	0F44	0000	77
		_initialisation_LCD		CODE           	10EE	0000	29
		_initialisation_PORT		CODE           	101E	0000	65

LCD_SPI.c estimated size: 591

shared
		__initialization		CODE           	1136	0000	1

shared estimated size: 1

main.c
		_main          		CODE           	0E08	0000	235

main.c estimated size: 235

